========================================================================================
🚀 QMASK CORE DAEMON INITIALISED: Launching Native STVW Scrolling Miner Engine...
========================================================================================

[BLOCK VALIDATED] Mined Block Height: #340246 | Difficulty: 400000000000
🪐 [STVW Engine] Active Block Height: #340246 | Epoch Lifecycle Year:
🟢 Stable Baseline Loop: Issuing regular 5.00 QMK mining reward blocks.
[BLOCK VALIDATED] Mined Block Height: #340247 | Difficulty: 400000000000
🪐 [STVW Engine] Active Block Height: #340247 | Epoch Lifecycle Year:
🟢 Stable Baseline Loop: Issuing regular 5.00 QMK mining reward blocks.
[BLOCK VALIDATED] Mined Block Height: #340248 | Difficulty: 400000000000
🪐 [STVW Engine] Active Block Height: #340248 | Epoch Lifecycle Year:
🟢 Stable Baseline Loop: Issuing regular 5.00 QMK mining reward blocks.
[BLOCK VALIDATED] Mined Block Height: #340249 | Difficulty: 400000000000
🪐 [STVW Engine] Active Block Height: #340249 | Epoch Lifecycle Year:
🟢 Stable Baseline Loop: Issuing regular 5.00 QMK mining reward blocks.
[BLOCK VALIDATED] Mined Block Height: #340250 | Difficulty: 400000000000
🪐 [STVW Engine] Active Block Height: #340250 | Epoch Lifecycle Year:
🟢 Stable Baseline Loop: Issuing regular 5.00 QMK mining reward blocks.
[BLOCK VALIDATED] Mined Block Height: #340251 | Difficulty: 400000000000
🪐 [STVW Engine] Active Block Height: #340251 | Epoch Lifecycle Year:
🟢 Stable Baseline Loop: Issuing regular 5.00 QMK mining reward blocks.
[BLOCK VALIDATED] Mined Block Height: #340252 | Difficulty: 400000000000
🪐 [STVW Engine] Active Block Height: #340252 | Epoch Lifecycle Year:
🟢 Stable Baseline Loop: Issuing regular 5.00 QMK mining reward blocks.
[BLOCK VALIDATED] Mined Block Height: #340253 | Difficulty: 400000000000
🪐 [STVW Engine] Active Block Height: #340253 | Epoch Lifecycle Year:
🟢 Stable Baseline Loop: Issuing regular 5.00 QMK mining reward blocks.
[BLOCK VALIDATED] Mined Block Height: #340254 | Difficulty: 400000000000
🪐 [STVW Engine] Active Block Height: #340254 | Epoch Lifecycle Year:
🟢 Stable Baseline Loop: Issuing regular 5.00 QMK mining reward blocks.
